// Jest Snapshot v1, https://goo.gl/fbAQLP

exports[`renders correctly 1`] = `
Array [
  <div
    id="background-image-container"
  >
    <div
      id="background-image"
    />
  </div>,
  <main>
    <section
      id="contact"
    >
      <div
        className="group contact-text-group"
      >
        <div
          className="item contact-text"
          id="contact-button"
          onClick={[Function]}
        >
          Email
        </div>
        <div
          className="item contact-text"
        >
          or
        </div>
        <div
          className="item contact-text"
        >
          Social
        </div>
      </div>
      <div
        className="group"
      >
        <div
          className="item"
          id="contact-social-icon-links-container"
        >
          <a
            className="contact-social-icon-link"
            href="https://www.facebook.com/certifiedbice"
            rel="noopener noreferrer"
            target="_blank"
          >
            <img
              alt="Facebook"
              className="contact-social-icon-image"
              src="facebook.png"
            />
          </a>
          <a
            className="contact-social-icon-link"
            href="https://github.com/certifiedbice"
            rel="noopener noreferrer"
            target="_blank"
          >
            <img
              alt="GitHub"
              className="contact-social-icon-image"
              src="github.png"
            />
          </a>
          <a
            className="contact-social-icon-link"
            href="https://www.instagram.com/certifiedbice"
            rel="noopener noreferrer"
            target="_blank"
          >
            <img
              alt="Instagram"
              className="contact-social-icon-image"
              src="instagram.png"
            />
          </a>
          <a
            className="contact-social-icon-link"
            href="https://www.hackerrank.com/certifiedbice"
            rel="noopener noreferrer"
            target="_blank"
          >
            <img
              alt="HackerRank"
              className="contact-social-icon-image"
              src="hackerrank.png"
            />
          </a>
          <a
            className="contact-social-icon-link"
            href="https://www.linkedin.com/in/certifiedbice"
            rel="noopener noreferrer"
            target="_blank"
          >
            <img
              alt="LinkedIn"
              className="contact-social-icon-image"
              src="linkedin.png"
            />
          </a>
          <a
            className="contact-social-icon-link"
            href="https://twitter.com/certifiedbice"
            rel="noopener noreferrer"
            target="_blank"
          >
            <img
              alt="Twitter"
              className="contact-social-icon-image"
              src="twitter.png"
            />
          </a>
          <a
            className="contact-social-icon-link"
            href="https://www.youtube.com/channel/UCEITFHDFDtvTIKFbUhG_E9w"
            rel="noopener noreferrer"
            target="_blank"
          >
            <img
              alt="YouTube"
              className="contact-social-icon-image"
              src="youtube.png"
            />
          </a>
        </div>
      </div>
      <div
        id="contact-overlay"
      >
        <div
          id="contact-form-container"
        >
          <div
            id="contact-form-elements-container"
          >
            <div
              id="contactHideBtn"
              onClick={[Function]}
            >
              X
            </div>
            <form
              action="https://formspree.io/xnqgpoje"
              id="contact-form"
              method="POST"
            >
              <legend>
                Email Me
              </legend>
              <label
                htmlFor="fname"
              >
                First name:
              </label>
              <input
                id="fname"
                placeholder="John"
                type="text"
              />
              <label
                htmlFor="lname"
              >
                Last name:
              </label>
              <input
                id="lname"
                placeholder="Doe"
                type="text"
              />
              <label
                htmlFor="email"
              >
                Email Address:
              </label>
              <input
                id="email"
                placeholder="john.doe@eod.nhoj.com"
                type="text"
              />
              <label
                htmlFor="phone"
              >
                Phone Number:
              </label>
              <input
                id="phone"
                name="phone"
                pattern="\\\\d{3}[\\\\-]\\\\d{3}[\\\\-]\\\\d{4}"
                placeholder="xxx-xxx-xxxx"
                type="text"
              />
              <label
                htmlFor="organization"
              >
                Organization:
              </label>
              <input
                id="organization"
                placeholder="John Doe Corporation"
                type="text"
              />
              <label
                htmlFor="subject"
              >
                Subject:
              </label>
              <input
                id="subject"
                placeholder="I am lost, do you know who I am?"
                type="text"
              />
              <label
                htmlFor="comments"
              >
                Comments:
              </label>
              <textarea
                cols="30"
                id="comments"
                maxLength="200"
                name="comments"
                rows="8"
              />
              <input
                id="contact-form-submit-button"
                type="submit"
                value="Submit"
              />
            </form>
          </div>
          <div
            id="contact-form-status"
          />
        </div>
      </div>
    </section>
  </main>,
  <header
    id="site-header"
  >
    <div
      id="site-info"
    >
      <h1
        id="site-title"
      >
        Portfolio of Bice
      </h1>
      <div
        id="site-description"
      >
        My various projects in all their variousness.
      </div>
      <nav>
        <ul
          id="primary-menu"
        >
          <li>
            <a
              href="/home"
            >
              Home
            </a>
          </li>
          <li>
            <a
              href="/about"
            >
              About
            </a>
          </li>
          <li>
            <a
              href="/contact"
            >
              Contact
            </a>
          </li>
          <li>
            <a
              href="/portfolio"
            >
              Portfolio
            </a>
          </li>
          <li>
            <a
              href="/resume"
            >
              Resume
            </a>
          </li>
          <li>
            <a
              href="/services"
            >
              Services
            </a>
          </li>
        </ul>
      </nav>
    </div>
  </header>,
  <footer
    id="site-footer"
  >
    Bice - 2020
    <div
      id="footer-links-container"
    >
      <a
        className="footer-social-icon-link"
        href="https://www.facebook.com/certifiedbice"
        rel="noopener noreferrer"
        target="_blank"
      >
        <img
          alt="Facebook"
          className="footer-social-icons-image"
          src="facebook.png"
        />
      </a>
      <a
        className="footer-social-icon-link"
        href="https://github.com/certifiedbice"
        rel="noopener noreferrer"
        target="_blank"
      >
        <img
          alt="GitHub"
          className="footer-social-icons-image"
          src="github.png"
        />
      </a>
      <a
        className="footer-social-icon-link"
        href="https://www.instagram.com/certifiedbice"
        rel="noopener noreferrer"
        target="_blank"
      >
        <img
          alt="Instagram"
          className="footer-social-icons-image"
          src="instagram.png"
        />
      </a>
      <a
        className="footer-social-icon-link"
        href="https://www.hackerrank.com/certifiedbice"
        rel="noopener noreferrer"
        target="_blank"
      >
        <img
          alt="HackerRank"
          className="footer-social-icons-image"
          src="hackerrank.png"
        />
      </a>
      <a
        className="footer-social-icon-link"
        href="https://www.linkedin.com/in/certifiedbice"
        rel="noopener noreferrer"
        target="_blank"
      >
        <img
          alt="LinkedIn"
          className="footer-social-icons-image"
          src="linkedin.png"
        />
      </a>
      <a
        className="footer-social-icon-link"
        href="https://twitter.com/certifiedbice"
        rel="noopener noreferrer"
        target="_blank"
      >
        <img
          alt="Twitter"
          className="footer-social-icons-image"
          src="twitter.png"
        />
      </a>
      <a
        className="footer-social-icon-link"
        href="https://www.youtube.com/channel/UCEITFHDFDtvTIKFbUhG_E9w"
        rel="noopener noreferrer"
        target="_blank"
      >
        <img
          alt="YouTube"
          className="footer-social-icons-image"
          src="youtube.png"
        />
      </a>
    </div>
  </footer>,
  <div
    id="page-fade"
  />,
]
`;
